\BOOKMARK [1][-]{section.1}{\376\377\000G\000i\036\333\000i\000\040\000t\000h\000i\036\307\000u}{}% 1
\BOOKMARK [2][-]{subsection.1.1}{\376\377\000B\036\321\000i\000\040\000c\036\243\000n\000h\000\040\000v\000\340\000\040\000v\036\245\000n\000\040\001\021\036\301}{section.1}% 2
\BOOKMARK [2][-]{subsection.1.2}{\376\377\000K\000h\000o\036\243\000n\000g\000\040\000t\000r\036\321\000n\000g\000\040\000t\000r\000o\000n\000g\000\040\000n\000g\000h\000i\000\352\000n\000\040\000c\036\351\000u\000\040\000h\000i\036\307\000n\000\040\000t\036\241\000i}{section.1}% 3
\BOOKMARK [2][-]{subsection.1.3}{\376\377\001\020\000\363\000n\000g\000\040\000g\000\363\000p\000\040\000c\000h\000\355\000n\000h}{section.1}% 4
\BOOKMARK [1][-]{section.2}{\376\377\000N\036\301\000n\000\040\000t\036\243\000n\000g\000\040\000l\000\375\000\040\000t\000h\000u\000y\036\277\000t}{}% 5
\BOOKMARK [2][-]{subsection.2.1}{\376\377\000P\000h\000\342\000n\000\040\000l\000o\036\241\000i\000\040\000l\036\327\000i\000\040\001\021\036\323\000n\000g\000\040\000t\000h\036\335\000i}{section.2}% 6
\BOOKMARK [2][-]{subsection.2.2}{\376\377\000H\036\241\000n\000\040\000c\000h\036\277\000\040\000c\036\347\000a\000\040\000c\000\341\000c\000\040\000p\000h\001\260\001\241\000n\000g\000\040\000p\000h\000\341\000p\000\040\000h\000i\036\307\000n\000\040\000t\036\241\000i}{section.2}% 7
\BOOKMARK [2][-]{subsection.2.3}{\376\377\000N\036\301\000n\000\040\000t\036\243\000n\000g\000\040\000x\036\355\000\040\000l\000\375\000\040\000A\000S\000T}{section.2}% 8
\BOOKMARK [1][-]{section.3}{\376\377\000T\000h\000i\036\277\000t\000\040\000k\036\277\000\040\000h\036\307\000\040\000t\000h\036\321\000n\000g}{}% 9
\BOOKMARK [2][-]{subsection.3.1}{\376\377\000K\000i\036\277\000n\000\040\000t\000r\000\372\000c\000\040\000t\036\325\000n\000g\000\040\000q\000u\000a\000n}{section.3}% 10
\BOOKMARK [2][-]{subsection.3.2}{\376\377\000B\036\331\000\040\000p\000h\000\341\000t\000\040\000h\000i\036\307\000n\000\040\000R\000a\000c\000e\000\040\000C\000o\000n\000d\000i\000t\000i\000o\000n\000\040\000t\001\051\000n\000h}{section.3}% 11
\BOOKMARK [2][-]{subsection.3.3}{\376\377\000T\000i\000n\000h\000\040\000c\000h\036\311\000n\000h\000\040\000m\000\364\000\040\000h\000\354\000n\000h\000\040\000v\036\333\000i\000\040\000H\000i\000n\000d\000s\000i\000g\000h\000t\000\040\000C\000h\000a\000i\000n\000-\000o\000f\000-\000T\000h\000o\000u\000g\000h\000t}{section.3}% 12
\BOOKMARK [2][-]{subsection.3.4}{\376\377\000P\000i\000p\000e\000l\000i\000n\000e\000\040\000R\000A\000G\000\040\000t\001\003\000n\000g\000\040\000c\001\260\036\335\000n\000g}{section.3}% 13
\BOOKMARK [1][-]{section.4}{\376\377\000C\000\340\000i\000\040\001\021\036\267\000t\000\040\000h\036\307\000\040\000t\000h\036\321\000n\000g}{}% 14
\BOOKMARK [1][-]{section.5}{\376\377\001\020\000\341\000n\000h\000\040\000g\000i\000\341\000\040\000t\000h\036\361\000c\000\040\000n\000g\000h\000i\036\307\000m}{}% 15
\BOOKMARK [2][-]{subsection.5.1}{\376\377\000T\000h\000i\036\277\000t\000\040\000l\036\255\000p\000\040\000t\000h\036\361\000c\000\040\000n\000g\000h\000i\036\307\000m}{section.5}% 16
\BOOKMARK [2][-]{subsection.5.2}{\376\377\000K\036\277\000t\000\040\000q\000u\036\243\000\040\000s\000o\000\040\000s\000\341\000n\000h\000\040\000t\036\325\000n\000g\000\040\000t\000h\036\303}{section.5}% 17
\BOOKMARK [2][-]{subsection.5.3}{\376\377\000K\036\277\000t\000\040\000q\000u\036\243\000\040\000t\000h\000e\000o\000\040\000t\036\353\000n\000g\000\040\000l\000o\036\241\000i\000\040\000l\036\327\000i}{section.5}% 18
\BOOKMARK [2][-]{subsection.5.4}{\376\377\000P\000h\000\342\000n\000\040\000t\000\355\000c\000h\000\040\001\021\000\363\000n\000g\000\040\000g\000\363\000p\000\040\000t\036\353\000n\000g\000\040\000t\000h\000\340\000n\000h\000\040\000p\000h\036\247\000n}{section.5}% 19
\BOOKMARK [2][-]{subsection.5.5}{\376\377\000H\000i\036\307\000u\000\040\000n\001\003\000n\000g\000\040\000v\000\340\000\040\001\021\036\331\000\040\000t\000r\036\305}{section.5}% 20
\BOOKMARK [1][-]{section.6}{\376\377\000N\000g\000h\000i\000\352\000n\000\040\000c\036\351\000u\000\040\000l\000i\000\352\000n\000\040\000q\000u\000a\000n}{}% 21
\BOOKMARK [1][-]{section.7}{\376\377\000K\036\277\000t\000\040\000l\000u\036\255\000n}{}% 22
